H2O
CO2
O3
N2O
CO
CH4
O2
NO
SO2
NO2
NH3
HNO3
OH
HF
HCl
HBr
HI
ClO
OCS
H2CO
HOCl
HO2
H2O2
HONO
HO2NO2
N2O5
ClNO3
HCN
CH3F
CH3Cl
CF4
CCl2F2
CCl3F
CH3CCl3
CCl4
COF2
COFCl
C2H6
C2H4
C2H2
N2
CHClF2
COCl2
CH3Br
CH3I
HCOOH
H2S
CHCl2F
HDO
SF6
F113
ClCN
F142b
dust_m
PH3
CH3OH
CH3SH
CH3CHO
CH3CN
PAN
NF3
ClOOCl
ClClO2
ClOClO
CHF3
f141b
CH3COOH
cirrus6
cirrus15
C3H8
D2O
sa_venus
air
